#! /usr/bin/vvp
:ivl_version "11.0 (stable)";
:ivl_delay_selection "TYPICAL";
:vpi_time_precision + 0;
:vpi_module "/usr/lib/x86_64-linux-gnu/ivl/system.vpi";
:vpi_module "/usr/lib/x86_64-linux-gnu/ivl/vhdl_sys.vpi";
:vpi_module "/usr/lib/x86_64-linux-gnu/ivl/vhdl_textio.vpi";
:vpi_module "/usr/lib/x86_64-linux-gnu/ivl/v2005_math.vpi";
:vpi_module "/usr/lib/x86_64-linux-gnu/ivl/va_math.vpi";
:vpi_module "/usr/lib/x86_64-linux-gnu/ivl/v2009.vpi";
S_0x5db334239d90 .scope package, "$unit" "$unit" 2 1;
 .timescale 0 0;
S_0x5db334239f20 .scope module, "cla4_dataflow" "cla4_dataflow" 3 16;
 .timescale 0 0;
    .port_info 0 /INPUT 4 "a";
    .port_info 1 /INPUT 4 "b";
    .port_info 2 /INPUT 1 "cin";
    .port_info 3 /OUTPUT 4 "sum";
    .port_info 4 /OUTPUT 1 "cout";
o0x75d97ce8a018 .functor BUFZ 4, C4<zzzz>; HiZ drive
v0x5db33423b350_0 .net "a", 3 0, o0x75d97ce8a018;  0 drivers
o0x75d97ce8a048 .functor BUFZ 4, C4<zzzz>; HiZ drive
v0x5db33423b7b0_0 .net "b", 3 0, o0x75d97ce8a048;  0 drivers
o0x75d97ce8a078 .functor BUFZ 1, C4<z>; HiZ drive
v0x5db33423bba0_0 .net "cin", 0 0, o0x75d97ce8a078;  0 drivers
o0x75d97ce8a0a8 .functor BUFZ 1, C4<z>; HiZ drive
v0x5db334282140_0 .net "cout", 0 0, o0x75d97ce8a0a8;  0 drivers
o0x75d97ce8a0d8 .functor BUFZ 4, C4<zzzz>; HiZ drive
v0x5db334282200_0 .net "sum", 3 0, o0x75d97ce8a0d8;  0 drivers
# The file index is used to find the file name in the following table.
:file_names 4;
    "N/A";
    "<interactive>";
    "-";
    "cla4_dataflow.v";
