#! /usr/bin/vvp
:ivl_version "11.0 (stable)";
:ivl_delay_selection "TYPICAL";
:vpi_time_precision - 12;
:vpi_module "/usr/lib/x86_64-linux-gnu/ivl/system.vpi";
:vpi_module "/usr/lib/x86_64-linux-gnu/ivl/vhdl_sys.vpi";
:vpi_module "/usr/lib/x86_64-linux-gnu/ivl/vhdl_textio.vpi";
:vpi_module "/usr/lib/x86_64-linux-gnu/ivl/v2005_math.vpi";
:vpi_module "/usr/lib/x86_64-linux-gnu/ivl/va_math.vpi";
:vpi_module "/usr/lib/x86_64-linux-gnu/ivl/v2009.vpi";
S_0x5e63fe8fa360 .scope package, "$unit" "$unit" 2 1;
 .timescale 0 0;
S_0x5e63fe8f65c0 .scope module, "cla4_dataflow" "cla4_dataflow" 3 1;
 .timescale 0 0;
    .port_info 0 /INPUT 4 "a";
    .port_info 1 /INPUT 4 "b";
    .port_info 2 /INPUT 1 "cin";
    .port_info 3 /OUTPUT 4 "sum";
    .port_info 4 /OUTPUT 1 "cout";
o0x7ca272facd08 .functor BUFZ 1, C4<z>; HiZ drive
L_0x5e63fe93cef0 .functor BUFZ 1, o0x7ca272facd08, C4<0>, C4<0>, C4<0>;
o0x7ca272facc78 .functor BUFZ 4, C4<zzzz>; HiZ drive
o0x7ca272facca8 .functor BUFZ 4, C4<zzzz>; HiZ drive
L_0x5e63fe93d020/d .functor XOR 4, o0x7ca272facc78, o0x7ca272facca8, C4<0000>, C4<0000>;
L_0x5e63fe93d020 .delay 4 (2000000000000,2000000000000,2000000000000) L_0x5e63fe93d020/d;
L_0x5e63fe93d160/d .functor AND 4, o0x7ca272facc78, o0x7ca272facca8, C4<1111>, C4<1111>;
L_0x5e63fe93d160 .delay 4 (2000000000000,2000000000000,2000000000000) L_0x5e63fe93d160/d;
L_0x5e63fe93d640 .functor AND 1, L_0x5e63fe93d430, L_0x5e63fe93d520, C4<1>, C4<1>;
L_0x5e63fe93d780/d .functor OR 1, L_0x5e63fe93d340, L_0x5e63fe93d640, C4<0>, C4<0>;
L_0x5e63fe93d780 .delay 1 (2000000000000,2000000000000,2000000000000) L_0x5e63fe93d780/d;
L_0x5e63fe93db50 .functor AND 1, L_0x5e63fe93d9d0, L_0x5e63fe93dab0, C4<1>, C4<1>;
L_0x5e63fe93dc50 .functor OR 1, L_0x5e63fe93d930, L_0x5e63fe93db50, C4<0>, C4<0>;
L_0x5e63fe93def0 .functor AND 1, L_0x5e63fe93dd60, L_0x5e63fe93de50, C4<1>, C4<1>;
L_0x5e63fe93e100 .functor AND 1, L_0x5e63fe93def0, L_0x5e63fe93e000, C4<1>, C4<1>;
L_0x5e63fe93e1c0/d .functor OR 1, L_0x5e63fe93dc50, L_0x5e63fe93e100, C4<0>, C4<0>;
L_0x5e63fe93e1c0 .delay 1 (2000000000000,2000000000000,2000000000000) L_0x5e63fe93e1c0/d;
L_0x5e63fe93e620 .functor AND 1, L_0x5e63fe93e470, L_0x5e63fe93e580, C4<1>, C4<1>;
L_0x5e63fe93e6e0 .functor OR 1, L_0x5e63fe93e3d0, L_0x5e63fe93e620, C4<0>, C4<0>;
L_0x5e63fe93e510 .functor AND 1, L_0x5e63fe93e860, L_0x5e63fe93e980, C4<1>, C4<1>;
L_0x5e63fe93ebf0 .functor AND 1, L_0x5e63fe93e510, L_0x5e63fe93eac0, C4<1>, C4<1>;
L_0x5e63fe93e7f0 .functor OR 1, L_0x5e63fe93e6e0, L_0x5e63fe93ebf0, C4<0>, C4<0>;
L_0x5e63fe93f000 .functor AND 1, L_0x5e63fe93ee20, L_0x5e63fe93eec0, C4<1>, C4<1>;
L_0x5e63fe93f240 .functor AND 1, L_0x5e63fe93f000, L_0x5e63fe93f1a0, C4<1>, C4<1>;
L_0x5e63fe93f4a0 .functor AND 1, L_0x5e63fe93f240, L_0x5e63fe93f350, C4<1>, C4<1>;
L_0x5e63fe93f600/d .functor OR 1, L_0x5e63fe93e7f0, L_0x5e63fe93f4a0, C4<0>, C4<0>;
L_0x5e63fe93f600 .delay 1 (2000000000000,2000000000000,2000000000000) L_0x5e63fe93f600/d;
L_0x5e63fe93fc60 .functor AND 1, L_0x5e63fe93fa50, L_0x5e63fe93faf0, C4<1>, C4<1>;
L_0x5e63fe93fe20 .functor OR 1, L_0x5e63fe93f8f0, L_0x5e63fe93fc60, C4<0>, C4<0>;
L_0x5e63fe9400b0 .functor AND 1, L_0x5e63fe93f560, L_0x5e63fe93ff30, C4<1>, C4<1>;
L_0x5e63fe940320 .functor AND 1, L_0x5e63fe9400b0, L_0x5e63fe940280, C4<1>, C4<1>;
L_0x5e63fe940430 .functor OR 1, L_0x5e63fe93fe20, L_0x5e63fe940320, C4<0>, C4<0>;
L_0x5e63fe940840 .functor AND 1, L_0x5e63fe940610, L_0x5e63fe9407a0, C4<1>, C4<1>;
L_0x5e63fe940af0 .functor AND 1, L_0x5e63fe940840, L_0x5e63fe940950, C4<1>, C4<1>;
L_0x5e63fe940d80 .functor AND 1, L_0x5e63fe940af0, L_0x5e63fe940ce0, C4<1>, C4<1>;
L_0x5e63fe940e90 .functor OR 1, L_0x5e63fe940430, L_0x5e63fe940d80, C4<0>, C4<0>;
L_0x5e63fe9412e0 .functor AND 1, L_0x5e63fe941090, L_0x5e63fe941240, C4<1>, C4<1>;
L_0x5e63fe9415b0 .functor AND 1, L_0x5e63fe9412e0, L_0x5e63fe9413f0, C4<1>, C4<1>;
L_0x5e63fe941860 .functor AND 1, L_0x5e63fe9415b0, L_0x5e63fe9417c0, C4<1>, C4<1>;
L_0x5e63fe941490 .functor AND 1, L_0x5e63fe941860, L_0x5e63fe941970, C4<1>, C4<1>;
L_0x5e63fe941c50/d .functor OR 1, L_0x5e63fe940e90, L_0x5e63fe941490, C4<0>, C4<0>;
L_0x5e63fe941c50 .delay 1 (2000000000000,2000000000000,2000000000000) L_0x5e63fe941c50/d;
L_0x5e63fe941ef0/d .functor XOR 4, L_0x5e63fe93d020, L_0x5e63fe941e50, C4<0000>, C4<0000>;
L_0x5e63fe941ef0 .delay 4 (2000000000000,2000000000000,2000000000000) L_0x5e63fe941ef0/d;
v0x5e63fe9057b0_0 .net *"_ivl_100", 0 0, L_0x5e63fe93f560;  1 drivers
v0x5e63fe92ef50_0 .net *"_ivl_102", 0 0, L_0x5e63fe93ff30;  1 drivers
v0x5e63fe92f030_0 .net *"_ivl_103", 0 0, L_0x5e63fe9400b0;  1 drivers
v0x5e63fe92f0f0_0 .net *"_ivl_106", 0 0, L_0x5e63fe940280;  1 drivers
v0x5e63fe92f1d0_0 .net *"_ivl_107", 0 0, L_0x5e63fe940320;  1 drivers
v0x5e63fe92f300_0 .net *"_ivl_109", 0 0, L_0x5e63fe940430;  1 drivers
v0x5e63fe92f3e0_0 .net *"_ivl_112", 0 0, L_0x5e63fe940610;  1 drivers
v0x5e63fe92f4c0_0 .net *"_ivl_114", 0 0, L_0x5e63fe9407a0;  1 drivers
v0x5e63fe92f5a0_0 .net *"_ivl_115", 0 0, L_0x5e63fe940840;  1 drivers
v0x5e63fe92f680_0 .net *"_ivl_118", 0 0, L_0x5e63fe940950;  1 drivers
v0x5e63fe92f760_0 .net *"_ivl_119", 0 0, L_0x5e63fe940af0;  1 drivers
v0x5e63fe92f840_0 .net *"_ivl_122", 0 0, L_0x5e63fe940ce0;  1 drivers
v0x5e63fe92f920_0 .net *"_ivl_123", 0 0, L_0x5e63fe940d80;  1 drivers
v0x5e63fe92fa00_0 .net *"_ivl_125", 0 0, L_0x5e63fe940e90;  1 drivers
v0x5e63fe92fae0_0 .net *"_ivl_128", 0 0, L_0x5e63fe941090;  1 drivers
v0x5e63fe92fbc0_0 .net *"_ivl_13", 0 0, L_0x5e63fe93d340;  1 drivers
v0x5e63fe92fca0_0 .net *"_ivl_130", 0 0, L_0x5e63fe941240;  1 drivers
v0x5e63fe92fd80_0 .net *"_ivl_131", 0 0, L_0x5e63fe9412e0;  1 drivers
v0x5e63fe92fe60_0 .net *"_ivl_134", 0 0, L_0x5e63fe9413f0;  1 drivers
v0x5e63fe92ff40_0 .net *"_ivl_135", 0 0, L_0x5e63fe9415b0;  1 drivers
v0x5e63fe930020_0 .net *"_ivl_138", 0 0, L_0x5e63fe9417c0;  1 drivers
v0x5e63fe930100_0 .net *"_ivl_139", 0 0, L_0x5e63fe941860;  1 drivers
v0x5e63fe9301e0_0 .net *"_ivl_142", 0 0, L_0x5e63fe941970;  1 drivers
v0x5e63fe9302c0_0 .net *"_ivl_143", 0 0, L_0x5e63fe941490;  1 drivers
v0x5e63fe9303a0_0 .net *"_ivl_145", 0 0, L_0x5e63fe941c50;  1 drivers
v0x5e63fe930480_0 .net *"_ivl_148", 3 0, L_0x5e63fe941e50;  1 drivers
v0x5e63fe930560_0 .net *"_ivl_15", 0 0, L_0x5e63fe93d430;  1 drivers
v0x5e63fe930640_0 .net *"_ivl_17", 0 0, L_0x5e63fe93d520;  1 drivers
v0x5e63fe930720_0 .net *"_ivl_18", 0 0, L_0x5e63fe93d640;  1 drivers
v0x5e63fe930800_0 .net *"_ivl_20", 0 0, L_0x5e63fe93d780;  1 drivers
v0x5e63fe9308e0_0 .net *"_ivl_25", 0 0, L_0x5e63fe93d930;  1 drivers
v0x5e63fe9309c0_0 .net *"_ivl_27", 0 0, L_0x5e63fe93d9d0;  1 drivers
v0x5e63fe930aa0_0 .net *"_ivl_29", 0 0, L_0x5e63fe93dab0;  1 drivers
v0x5e63fe930d90_0 .net *"_ivl_3", 0 0, L_0x5e63fe93cef0;  1 drivers
v0x5e63fe930e70_0 .net *"_ivl_30", 0 0, L_0x5e63fe93db50;  1 drivers
v0x5e63fe930f50_0 .net *"_ivl_32", 0 0, L_0x5e63fe93dc50;  1 drivers
v0x5e63fe931030_0 .net *"_ivl_35", 0 0, L_0x5e63fe93dd60;  1 drivers
v0x5e63fe931110_0 .net *"_ivl_37", 0 0, L_0x5e63fe93de50;  1 drivers
v0x5e63fe9311f0_0 .net *"_ivl_38", 0 0, L_0x5e63fe93def0;  1 drivers
v0x5e63fe9312d0_0 .net *"_ivl_41", 0 0, L_0x5e63fe93e000;  1 drivers
v0x5e63fe9313b0_0 .net *"_ivl_42", 0 0, L_0x5e63fe93e100;  1 drivers
v0x5e63fe931490_0 .net *"_ivl_44", 0 0, L_0x5e63fe93e1c0;  1 drivers
v0x5e63fe931570_0 .net *"_ivl_49", 0 0, L_0x5e63fe93e3d0;  1 drivers
v0x5e63fe931650_0 .net *"_ivl_51", 0 0, L_0x5e63fe93e470;  1 drivers
v0x5e63fe931730_0 .net *"_ivl_53", 0 0, L_0x5e63fe93e580;  1 drivers
v0x5e63fe931810_0 .net *"_ivl_54", 0 0, L_0x5e63fe93e620;  1 drivers
v0x5e63fe9318f0_0 .net *"_ivl_56", 0 0, L_0x5e63fe93e6e0;  1 drivers
v0x5e63fe9319d0_0 .net *"_ivl_59", 0 0, L_0x5e63fe93e860;  1 drivers
v0x5e63fe931ab0_0 .net *"_ivl_61", 0 0, L_0x5e63fe93e980;  1 drivers
v0x5e63fe931b90_0 .net *"_ivl_62", 0 0, L_0x5e63fe93e510;  1 drivers
v0x5e63fe931c70_0 .net *"_ivl_65", 0 0, L_0x5e63fe93eac0;  1 drivers
v0x5e63fe931d50_0 .net *"_ivl_66", 0 0, L_0x5e63fe93ebf0;  1 drivers
v0x5e63fe931e30_0 .net *"_ivl_68", 0 0, L_0x5e63fe93e7f0;  1 drivers
v0x5e63fe931f10_0 .net *"_ivl_71", 0 0, L_0x5e63fe93ee20;  1 drivers
v0x5e63fe931ff0_0 .net *"_ivl_73", 0 0, L_0x5e63fe93eec0;  1 drivers
v0x5e63fe9320d0_0 .net *"_ivl_74", 0 0, L_0x5e63fe93f000;  1 drivers
v0x5e63fe9321b0_0 .net *"_ivl_77", 0 0, L_0x5e63fe93f1a0;  1 drivers
v0x5e63fe932290_0 .net *"_ivl_78", 0 0, L_0x5e63fe93f240;  1 drivers
v0x5e63fe932370_0 .net *"_ivl_81", 0 0, L_0x5e63fe93f350;  1 drivers
v0x5e63fe932450_0 .net *"_ivl_82", 0 0, L_0x5e63fe93f4a0;  1 drivers
v0x5e63fe932530_0 .net *"_ivl_84", 0 0, L_0x5e63fe93f600;  1 drivers
v0x5e63fe932610_0 .net *"_ivl_90", 0 0, L_0x5e63fe93f8f0;  1 drivers
v0x5e63fe9326f0_0 .net *"_ivl_92", 0 0, L_0x5e63fe93fa50;  1 drivers
v0x5e63fe9327d0_0 .net *"_ivl_94", 0 0, L_0x5e63fe93faf0;  1 drivers
v0x5e63fe9328b0_0 .net *"_ivl_95", 0 0, L_0x5e63fe93fc60;  1 drivers
v0x5e63fe932da0_0 .net *"_ivl_97", 0 0, L_0x5e63fe93fe20;  1 drivers
v0x5e63fe932e80_0 .net "a", 3 0, o0x7ca272facc78;  0 drivers
v0x5e63fe932f60_0 .net "b", 3 0, o0x7ca272facca8;  0 drivers
v0x5e63fe933040_0 .net "c", 4 0, L_0x5e63fe93ef60;  1 drivers
v0x5e63fe933120_0 .net "cin", 0 0, o0x7ca272facd08;  0 drivers
v0x5e63fe9331e0_0 .net "cout", 0 0, L_0x5e63fe93cf80;  1 drivers
v0x5e63fe9332a0_0 .net "g", 3 0, L_0x5e63fe93d160;  1 drivers
v0x5e63fe933380_0 .net "p", 3 0, L_0x5e63fe93d020;  1 drivers
v0x5e63fe933460_0 .net "sum", 3 0, L_0x5e63fe941ef0;  1 drivers
L_0x5e63fe93cf80 .part L_0x5e63fe93ef60, 4, 1;
L_0x5e63fe93d340 .part L_0x5e63fe93d160, 0, 1;
L_0x5e63fe93d430 .part L_0x5e63fe93d020, 0, 1;
L_0x5e63fe93d520 .part L_0x5e63fe93ef60, 0, 1;
L_0x5e63fe93d930 .part L_0x5e63fe93d160, 1, 1;
L_0x5e63fe93d9d0 .part L_0x5e63fe93d020, 1, 1;
L_0x5e63fe93dab0 .part L_0x5e63fe93d160, 0, 1;
L_0x5e63fe93dd60 .part L_0x5e63fe93d020, 1, 1;
L_0x5e63fe93de50 .part L_0x5e63fe93d020, 0, 1;
L_0x5e63fe93e000 .part L_0x5e63fe93ef60, 0, 1;
L_0x5e63fe93e3d0 .part L_0x5e63fe93d160, 2, 1;
L_0x5e63fe93e470 .part L_0x5e63fe93d020, 2, 1;
L_0x5e63fe93e580 .part L_0x5e63fe93d160, 1, 1;
L_0x5e63fe93e860 .part L_0x5e63fe93d020, 2, 1;
L_0x5e63fe93e980 .part L_0x5e63fe93d020, 1, 1;
L_0x5e63fe93eac0 .part L_0x5e63fe93d160, 0, 1;
L_0x5e63fe93ee20 .part L_0x5e63fe93d020, 2, 1;
L_0x5e63fe93eec0 .part L_0x5e63fe93d020, 1, 1;
L_0x5e63fe93f1a0 .part L_0x5e63fe93d020, 0, 1;
L_0x5e63fe93f350 .part L_0x5e63fe93ef60, 0, 1;
LS_0x5e63fe93ef60_0_0 .concat8 [ 1 1 1 1], L_0x5e63fe93cef0, L_0x5e63fe93d780, L_0x5e63fe93e1c0, L_0x5e63fe93f600;
LS_0x5e63fe93ef60_0_4 .concat8 [ 1 0 0 0], L_0x5e63fe941c50;
L_0x5e63fe93ef60 .concat8 [ 4 1 0 0], LS_0x5e63fe93ef60_0_0, LS_0x5e63fe93ef60_0_4;
L_0x5e63fe93f8f0 .part L_0x5e63fe93d160, 3, 1;
L_0x5e63fe93fa50 .part L_0x5e63fe93d020, 3, 1;
L_0x5e63fe93faf0 .part L_0x5e63fe93d160, 2, 1;
L_0x5e63fe93f560 .part L_0x5e63fe93d020, 3, 1;
L_0x5e63fe93ff30 .part L_0x5e63fe93d020, 2, 1;
L_0x5e63fe940280 .part L_0x5e63fe93d160, 1, 1;
L_0x5e63fe940610 .part L_0x5e63fe93d020, 3, 1;
L_0x5e63fe9407a0 .part L_0x5e63fe93d020, 2, 1;
L_0x5e63fe940950 .part L_0x5e63fe93d020, 1, 1;
L_0x5e63fe940ce0 .part L_0x5e63fe93d160, 0, 1;
L_0x5e63fe941090 .part L_0x5e63fe93d020, 3, 1;
L_0x5e63fe941240 .part L_0x5e63fe93d020, 2, 1;
L_0x5e63fe9413f0 .part L_0x5e63fe93d020, 1, 1;
L_0x5e63fe9417c0 .part L_0x5e63fe93d020, 0, 1;
L_0x5e63fe941970 .part L_0x5e63fe93ef60, 0, 1;
L_0x5e63fe941e50 .part L_0x5e63fe93ef60, 0, 4;
S_0x5e63fe8f8490 .scope module, "rca" "rca" 4 1;
 .timescale 0 0;
    .port_info 0 /INPUT 4 "a";
    .port_info 1 /INPUT 4 "b";
    .port_info 2 /INPUT 1 "cin";
    .port_info 3 /OUTPUT 4 "sum";
    .port_info 4 /OUTPUT 1 "cout";
o0x7ca272fad968 .functor BUFZ 1, C4<z>; HiZ drive
L_0x5e63fe9448d0 .functor BUFZ 1, o0x7ca272fad968, C4<0>, C4<0>, C4<0>;
v0x5e63fe936510_0 .net *"_ivl_33", 0 0, L_0x5e63fe9448d0;  1 drivers
o0x7ca272fad8d8 .functor BUFZ 4, C4<zzzz>; HiZ drive
v0x5e63fe936610_0 .net "a", 3 0, o0x7ca272fad8d8;  0 drivers
o0x7ca272fad908 .functor BUFZ 4, C4<zzzz>; HiZ drive
v0x5e63fe9366f0_0 .net "b", 3 0, o0x7ca272fad908;  0 drivers
v0x5e63fe9367b0_0 .net "c", 4 0, L_0x5e63fe9449e0;  1 drivers
v0x5e63fe936890_0 .net "cin", 0 0, o0x7ca272fad968;  0 drivers
v0x5e63fe9369a0_0 .net "cout", 0 0, L_0x5e63fe944c90;  1 drivers
v0x5e63fe936a60_0 .net "sum", 3 0, L_0x5e63fe944940;  1 drivers
L_0x5e63fe9428a0 .part o0x7ca272fad8d8, 0, 1;
L_0x5e63fe942940 .part o0x7ca272fad908, 0, 1;
L_0x5e63fe9429e0 .part L_0x5e63fe9449e0, 0, 1;
L_0x5e63fe9432a0 .part o0x7ca272fad8d8, 1, 1;
L_0x5e63fe9433c0 .part o0x7ca272fad908, 1, 1;
L_0x5e63fe9434b0 .part L_0x5e63fe9449e0, 1, 1;
L_0x5e63fe943d00 .part o0x7ca272fad8d8, 2, 1;
L_0x5e63fe943da0 .part o0x7ca272fad908, 2, 1;
L_0x5e63fe943e90 .part L_0x5e63fe9449e0, 2, 1;
L_0x5e63fe944690 .part o0x7ca272fad8d8, 3, 1;
L_0x5e63fe944790 .part o0x7ca272fad908, 3, 1;
L_0x5e63fe944830 .part L_0x5e63fe9449e0, 3, 1;
L_0x5e63fe944940 .concat8 [ 1 1 1 1], L_0x5e63fe942280, L_0x5e63fe942bf0, L_0x5e63fe9436b0, L_0x5e63fe944040;
LS_0x5e63fe9449e0_0_0 .concat8 [ 1 1 1 1], L_0x5e63fe9448d0, L_0x5e63fe9426f0, L_0x5e63fe9430f0, L_0x5e63fe943b50;
LS_0x5e63fe9449e0_0_4 .concat8 [ 1 0 0 0], L_0x5e63fe9444e0;
L_0x5e63fe9449e0 .concat8 [ 4 1 0 0], LS_0x5e63fe9449e0_0_0, LS_0x5e63fe9449e0_0_4;
L_0x5e63fe944c90 .part L_0x5e63fe9449e0, 4, 1;
S_0x5e63fe9335e0 .scope generate, "gen_fa[0]" "gen_fa[0]" 4 15, 4 15 0, S_0x5e63fe8f8490;
 .timescale 0 0;
P_0x5e63fe9337b0 .param/l "i" 0 4 15, +C4<00>;
S_0x5e63fe933890 .scope module, "fa_inst" "FA_Gate" 4 16, 5 1 0, S_0x5e63fe9335e0;
 .timescale 0 0;
    .port_info 0 /INPUT 1 "a";
    .port_info 1 /INPUT 1 "b";
    .port_info 2 /INPUT 1 "cin";
    .port_info 3 /OUTPUT 1 "sum";
    .port_info 4 /OUTPUT 1 "cout";
L_0x5e63fe942170/d .functor XOR 1, L_0x5e63fe9428a0, L_0x5e63fe942940, C4<0>, C4<0>;
L_0x5e63fe942170 .delay 1 (2000000000000,2000000000000,2000000000000) L_0x5e63fe942170/d;
L_0x5e63fe942280/d .functor XOR 1, L_0x5e63fe942170, L_0x5e63fe9429e0, C4<0>, C4<0>;
L_0x5e63fe942280 .delay 1 (2000000000000,2000000000000,2000000000000) L_0x5e63fe942280/d;
L_0x5e63fe9423e0/d .functor AND 1, L_0x5e63fe9428a0, L_0x5e63fe942940, C4<1>, C4<1>;
L_0x5e63fe9423e0 .delay 1 (2000000000000,2000000000000,2000000000000) L_0x5e63fe9423e0/d;
L_0x5e63fe942590/d .functor AND 1, L_0x5e63fe942170, L_0x5e63fe9429e0, C4<1>, C4<1>;
L_0x5e63fe942590 .delay 1 (2000000000000,2000000000000,2000000000000) L_0x5e63fe942590/d;
L_0x5e63fe9426f0/d .functor OR 1, L_0x5e63fe9423e0, L_0x5e63fe942590, C4<0>, C4<0>;
L_0x5e63fe9426f0 .delay 1 (2000000000000,2000000000000,2000000000000) L_0x5e63fe9426f0/d;
v0x5e63fe933a70_0 .net "a", 0 0, L_0x5e63fe9428a0;  1 drivers
v0x5e63fe933b50_0 .net "b", 0 0, L_0x5e63fe942940;  1 drivers
v0x5e63fe933c10_0 .net "cin", 0 0, L_0x5e63fe9429e0;  1 drivers
v0x5e63fe933cb0_0 .net "cout", 0 0, L_0x5e63fe9426f0;  1 drivers
v0x5e63fe933d70_0 .net "sum", 0 0, L_0x5e63fe942280;  1 drivers
v0x5e63fe933e80_0 .net "w1", 0 0, L_0x5e63fe942170;  1 drivers
v0x5e63fe933f40_0 .net "w2", 0 0, L_0x5e63fe9423e0;  1 drivers
v0x5e63fe934000_0 .net "w3", 0 0, L_0x5e63fe942590;  1 drivers
S_0x5e63fe934160 .scope generate, "gen_fa[1]" "gen_fa[1]" 4 15, 4 15 0, S_0x5e63fe8f8490;
 .timescale 0 0;
P_0x5e63fe934380 .param/l "i" 0 4 15, +C4<01>;
S_0x5e63fe934440 .scope module, "fa_inst" "FA_Gate" 4 16, 5 1 0, S_0x5e63fe934160;
 .timescale 0 0;
    .port_info 0 /INPUT 1 "a";
    .port_info 1 /INPUT 1 "b";
    .port_info 2 /INPUT 1 "cin";
    .port_info 3 /OUTPUT 1 "sum";
    .port_info 4 /OUTPUT 1 "cout";
L_0x5e63fe942a80/d .functor XOR 1, L_0x5e63fe9432a0, L_0x5e63fe9433c0, C4<0>, C4<0>;
L_0x5e63fe942a80 .delay 1 (2000000000000,2000000000000,2000000000000) L_0x5e63fe942a80/d;
L_0x5e63fe942bf0/d .functor XOR 1, L_0x5e63fe942a80, L_0x5e63fe9434b0, C4<0>, C4<0>;
L_0x5e63fe942bf0 .delay 1 (2000000000000,2000000000000,2000000000000) L_0x5e63fe942bf0/d;
L_0x5e63fe942d80/d .functor AND 1, L_0x5e63fe9432a0, L_0x5e63fe9433c0, C4<1>, C4<1>;
L_0x5e63fe942d80 .delay 1 (2000000000000,2000000000000,2000000000000) L_0x5e63fe942d80/d;
L_0x5e63fe942f60/d .functor AND 1, L_0x5e63fe942a80, L_0x5e63fe9434b0, C4<1>, C4<1>;
L_0x5e63fe942f60 .delay 1 (2000000000000,2000000000000,2000000000000) L_0x5e63fe942f60/d;
L_0x5e63fe9430f0/d .functor OR 1, L_0x5e63fe942d80, L_0x5e63fe942f60, C4<0>, C4<0>;
L_0x5e63fe9430f0 .delay 1 (2000000000000,2000000000000,2000000000000) L_0x5e63fe9430f0/d;
v0x5e63fe934620_0 .net "a", 0 0, L_0x5e63fe9432a0;  1 drivers
v0x5e63fe934700_0 .net "b", 0 0, L_0x5e63fe9433c0;  1 drivers
v0x5e63fe9347c0_0 .net "cin", 0 0, L_0x5e63fe9434b0;  1 drivers
v0x5e63fe934890_0 .net "cout", 0 0, L_0x5e63fe9430f0;  1 drivers
v0x5e63fe934950_0 .net "sum", 0 0, L_0x5e63fe942bf0;  1 drivers
v0x5e63fe934a60_0 .net "w1", 0 0, L_0x5e63fe942a80;  1 drivers
v0x5e63fe934b20_0 .net "w2", 0 0, L_0x5e63fe942d80;  1 drivers
v0x5e63fe934be0_0 .net "w3", 0 0, L_0x5e63fe942f60;  1 drivers
S_0x5e63fe934d40 .scope generate, "gen_fa[2]" "gen_fa[2]" 4 15, 4 15 0, S_0x5e63fe8f8490;
 .timescale 0 0;
P_0x5e63fe934f40 .param/l "i" 0 4 15, +C4<010>;
S_0x5e63fe935000 .scope module, "fa_inst" "FA_Gate" 4 16, 5 1 0, S_0x5e63fe934d40;
 .timescale 0 0;
    .port_info 0 /INPUT 1 "a";
    .port_info 1 /INPUT 1 "b";
    .port_info 2 /INPUT 1 "cin";
    .port_info 3 /OUTPUT 1 "sum";
    .port_info 4 /OUTPUT 1 "cout";
L_0x5e63fe9435a0/d .functor XOR 1, L_0x5e63fe943d00, L_0x5e63fe943da0, C4<0>, C4<0>;
L_0x5e63fe9435a0 .delay 1 (2000000000000,2000000000000,2000000000000) L_0x5e63fe9435a0/d;
L_0x5e63fe9436b0/d .functor XOR 1, L_0x5e63fe9435a0, L_0x5e63fe943e90, C4<0>, C4<0>;
L_0x5e63fe9436b0 .delay 1 (2000000000000,2000000000000,2000000000000) L_0x5e63fe9436b0/d;
L_0x5e63fe943810/d .functor AND 1, L_0x5e63fe943d00, L_0x5e63fe943da0, C4<1>, C4<1>;
L_0x5e63fe943810 .delay 1 (2000000000000,2000000000000,2000000000000) L_0x5e63fe943810/d;
L_0x5e63fe9439c0/d .functor AND 1, L_0x5e63fe9435a0, L_0x5e63fe943e90, C4<1>, C4<1>;
L_0x5e63fe9439c0 .delay 1 (2000000000000,2000000000000,2000000000000) L_0x5e63fe9439c0/d;
L_0x5e63fe943b50/d .functor OR 1, L_0x5e63fe943810, L_0x5e63fe9439c0, C4<0>, C4<0>;
L_0x5e63fe943b50 .delay 1 (2000000000000,2000000000000,2000000000000) L_0x5e63fe943b50/d;
v0x5e63fe935210_0 .net "a", 0 0, L_0x5e63fe943d00;  1 drivers
v0x5e63fe9352f0_0 .net "b", 0 0, L_0x5e63fe943da0;  1 drivers
v0x5e63fe9353b0_0 .net "cin", 0 0, L_0x5e63fe943e90;  1 drivers
v0x5e63fe935480_0 .net "cout", 0 0, L_0x5e63fe943b50;  1 drivers
v0x5e63fe935540_0 .net "sum", 0 0, L_0x5e63fe9436b0;  1 drivers
v0x5e63fe935650_0 .net "w1", 0 0, L_0x5e63fe9435a0;  1 drivers
v0x5e63fe935710_0 .net "w2", 0 0, L_0x5e63fe943810;  1 drivers
v0x5e63fe9357d0_0 .net "w3", 0 0, L_0x5e63fe9439c0;  1 drivers
S_0x5e63fe935930 .scope generate, "gen_fa[3]" "gen_fa[3]" 4 15, 4 15 0, S_0x5e63fe8f8490;
 .timescale 0 0;
P_0x5e63fe935b30 .param/l "i" 0 4 15, +C4<011>;
S_0x5e63fe935c10 .scope module, "fa_inst" "FA_Gate" 4 16, 5 1 0, S_0x5e63fe935930;
 .timescale 0 0;
    .port_info 0 /INPUT 1 "a";
    .port_info 1 /INPUT 1 "b";
    .port_info 2 /INPUT 1 "cin";
    .port_info 3 /OUTPUT 1 "sum";
    .port_info 4 /OUTPUT 1 "cout";
L_0x5e63fe943f30/d .functor XOR 1, L_0x5e63fe944690, L_0x5e63fe944790, C4<0>, C4<0>;
L_0x5e63fe943f30 .delay 1 (2000000000000,2000000000000,2000000000000) L_0x5e63fe943f30/d;
L_0x5e63fe944040/d .functor XOR 1, L_0x5e63fe943f30, L_0x5e63fe944830, C4<0>, C4<0>;
L_0x5e63fe944040 .delay 1 (2000000000000,2000000000000,2000000000000) L_0x5e63fe944040/d;
L_0x5e63fe9441a0/d .functor AND 1, L_0x5e63fe944690, L_0x5e63fe944790, C4<1>, C4<1>;
L_0x5e63fe9441a0 .delay 1 (2000000000000,2000000000000,2000000000000) L_0x5e63fe9441a0/d;
L_0x5e63fe944350/d .functor AND 1, L_0x5e63fe943f30, L_0x5e63fe944830, C4<1>, C4<1>;
L_0x5e63fe944350 .delay 1 (2000000000000,2000000000000,2000000000000) L_0x5e63fe944350/d;
L_0x5e63fe9444e0/d .functor OR 1, L_0x5e63fe9441a0, L_0x5e63fe944350, C4<0>, C4<0>;
L_0x5e63fe9444e0 .delay 1 (2000000000000,2000000000000,2000000000000) L_0x5e63fe9444e0/d;
v0x5e63fe935df0_0 .net "a", 0 0, L_0x5e63fe944690;  1 drivers
v0x5e63fe935ed0_0 .net "b", 0 0, L_0x5e63fe944790;  1 drivers
v0x5e63fe935f90_0 .net "cin", 0 0, L_0x5e63fe944830;  1 drivers
v0x5e63fe936060_0 .net "cout", 0 0, L_0x5e63fe9444e0;  1 drivers
v0x5e63fe936120_0 .net "sum", 0 0, L_0x5e63fe944040;  1 drivers
v0x5e63fe936230_0 .net "w1", 0 0, L_0x5e63fe943f30;  1 drivers
v0x5e63fe9362f0_0 .net "w2", 0 0, L_0x5e63fe9441a0;  1 drivers
v0x5e63fe9363b0_0 .net "w3", 0 0, L_0x5e63fe944350;  1 drivers
S_0x5e63fe8faa70 .scope module, "tb" "tb" 6 3;
 .timescale -9 -12;
v0x5e63fe93c990_0 .var "a", 3 0;
v0x5e63fe93cac0_0 .var "b", 3 0;
v0x5e63fe93cbd0_0 .var "cin", 0 0;
v0x5e63fe93ccc0_0 .net "cout", 0 0, L_0x5e63fe944da0;  1 drivers
v0x5e63fe93cdb0_0 .net "sum", 3 0, L_0x5e63fe94cd60;  1 drivers
S_0x5e63fe936be0 .scope module, "U_DUT" "dut" 6 9, 7 1 0, S_0x5e63fe8faa70;
 .timescale 0 0;
    .port_info 0 /INPUT 4 "a";
    .port_info 1 /INPUT 4 "b";
    .port_info 2 /INPUT 1 "cin";
    .port_info 3 /OUTPUT 4 "sum";
    .port_info 4 /OUTPUT 1 "cout";
v0x5e63fe93c520_0 .net "a", 3 0, v0x5e63fe93c990_0;  1 drivers
v0x5e63fe93c600_0 .net "b", 3 0, v0x5e63fe93cac0_0;  1 drivers
v0x5e63fe93c6d0_0 .net "cin", 0 0, v0x5e63fe93cbd0_0;  1 drivers
v0x5e63fe93c7d0_0 .net "cout", 0 0, L_0x5e63fe944da0;  alias, 1 drivers
v0x5e63fe93c8a0_0 .net "sum", 3 0, L_0x5e63fe94cd60;  alias, 1 drivers
S_0x5e63fe936de0 .scope module, "U_IMPL" "cla4" 7 10, 8 1 0, S_0x5e63fe936be0;
 .timescale 0 0;
    .port_info 0 /INPUT 4 "a";
    .port_info 1 /INPUT 4 "b";
    .port_info 2 /INPUT 1 "cin";
    .port_info 3 /OUTPUT 4 "sum";
    .port_info 4 /OUTPUT 1 "cout";
L_0x5e63fe944d30 .functor BUFZ 1, v0x5e63fe93cbd0_0, C4<0>, C4<0>, C4<0>;
L_0x5e63fe944e40/d .functor XOR 1, L_0x5e63fe944f50, L_0x5e63fe945040, C4<0>, C4<0>;
L_0x5e63fe944e40 .delay 1 (2000000000000,2000000000000,2000000000000) L_0x5e63fe944e40/d;
L_0x5e63fe945130/d .functor XOR 1, L_0x5e63fe945240, L_0x5e63fe9453f0, C4<0>, C4<0>;
L_0x5e63fe945130 .delay 1 (2000000000000,2000000000000,2000000000000) L_0x5e63fe945130/d;
L_0x5e63fe945520/d .functor XOR 1, L_0x5e63fe945610, L_0x5e63fe945740, C4<0>, C4<0>;
L_0x5e63fe945520 .delay 1 (2000000000000,2000000000000,2000000000000) L_0x5e63fe945520/d;
L_0x5e63fe945a10/d .functor XOR 1, L_0x5e63fe945b70, L_0x5e63fe945c60, C4<0>, C4<0>;
L_0x5e63fe945a10 .delay 1 (2000000000000,2000000000000,2000000000000) L_0x5e63fe945a10/d;
L_0x5e63fe945db0/d .functor AND 1, L_0x5e63fe945eb0, L_0x5e63fe945fa0, C4<1>, C4<1>;
L_0x5e63fe945db0 .delay 1 (2000000000000,2000000000000,2000000000000) L_0x5e63fe945db0/d;
L_0x5e63fe946100/d .functor AND 1, L_0x5e63fe946210, L_0x5e63fe946300, C4<1>, C4<1>;
L_0x5e63fe946100 .delay 1 (2000000000000,2000000000000,2000000000000) L_0x5e63fe946100/d;
L_0x5e63fe946090/d .functor AND 1, L_0x5e63fe946560, L_0x5e63fe946650, C4<1>, C4<1>;
L_0x5e63fe946090 .delay 1 (2000000000000,2000000000000,2000000000000) L_0x5e63fe946090/d;
L_0x5e63fe946960/d .functor AND 1, L_0x5e63fe946ac0, L_0x5e63fe946c50, C4<1>, C4<1>;
L_0x5e63fe946960 .delay 1 (2000000000000,2000000000000,2000000000000) L_0x5e63fe946960/d;
L_0x5e63fe946d40/d .functor AND 1, L_0x5e63fe946eb0, L_0x5e63fe946bb0, C4<1>, C4<1>;
L_0x5e63fe946d40 .delay 1 (2000000000000,2000000000000,2000000000000) L_0x5e63fe946d40/d;
L_0x5e63fe9470f0/d .functor OR 1, L_0x5e63fe947250, L_0x5e63fe946d40, C4<0>, C4<0>;
L_0x5e63fe9470f0 .delay 1 (2000000000000,2000000000000,2000000000000) L_0x5e63fe9470f0/d;
L_0x5e63fe947450/d .functor AND 1, L_0x5e63fe9475d0, L_0x5e63fe9476c0, C4<1>, C4<1>;
L_0x5e63fe947450 .delay 1 (2000000000000,2000000000000,2000000000000) L_0x5e63fe947450/d;
L_0x5e63fe947880/d .functor AND 1, L_0x5e63fe9479c0, L_0x5e63fe947ab0, L_0x5e63fe947c30, C4<1>;
L_0x5e63fe947880 .delay 1 (2000000000000,2000000000000,2000000000000) L_0x5e63fe947880/d;
L_0x5e63fe947d20/d .functor OR 1, L_0x5e63fe947f50, L_0x5e63fe947450, L_0x5e63fe947880, C4<0>;
L_0x5e63fe947d20 .delay 1 (2000000000000,2000000000000,2000000000000) L_0x5e63fe947d20/d;
L_0x5e63fe947560/d .functor AND 1, L_0x5e63fe948180, L_0x5e63fe948270, C4<1>, C4<1>;
L_0x5e63fe947560 .delay 1 (2000000000000,2000000000000,2000000000000) L_0x5e63fe947560/d;
L_0x5e63fe948460/d .functor AND 1, L_0x5e63fe948690, L_0x5e63fe948780, L_0x5e63fe948980, C4<1>;
L_0x5e63fe948460 .delay 1 (2000000000000,2000000000000,2000000000000) L_0x5e63fe948460/d;
L_0x5e63fe948a70/d .functor AND 1, L_0x5e63fe948d20, L_0x5e63fe948f30, L_0x5e63fe949020, L_0x5e63fe948e10;
L_0x5e63fe948a70 .delay 1 (2000000000000,2000000000000,2000000000000) L_0x5e63fe948a70/d;
L_0x5e63fe949240/d .functor OR 1, L_0x5e63fe949490, L_0x5e63fe947560, L_0x5e63fe948460, L_0x5e63fe948a70;
L_0x5e63fe949240 .delay 1 (2000000000000,2000000000000,2000000000000) L_0x5e63fe949240/d;
L_0x5e63fe9496c0/d .functor AND 1, L_0x5e63fe9497d0, L_0x5e63fe9498c0, C4<1>, C4<1>;
L_0x5e63fe9496c0 .delay 1 (2000000000000,2000000000000,2000000000000) L_0x5e63fe9496c0/d;
L_0x5e63fe949b00/d .functor AND 1, L_0x5e63fe9493f0, L_0x5e63fe949d10, L_0x5e63fe949f60, C4<1>;
L_0x5e63fe949b00 .delay 1 (2000000000000,2000000000000,2000000000000) L_0x5e63fe949b00/d;
L_0x5e63fe94a050/d .functor AND 1, L_0x5e63fe94a160, L_0x5e63fe94a3c0, L_0x5e63fe94a6c0, L_0x5e63fe94a930;
L_0x5e63fe94a050 .delay 1 (2000000000000,2000000000000,2000000000000) L_0x5e63fe94a050/d;
L_0x5e63fe94aa20/0/0 .functor AND 1, L_0x5e63fe94ac80, L_0x5e63fe94af00, L_0x5e63fe94aff0, L_0x5e63fe94b280;
L_0x5e63fe94aa20/0/4 .functor AND 1, L_0x5e63fe94b370, C4<1>, C4<1>, C4<1>;
L_0x5e63fe94aa20/d .functor AND 1, L_0x5e63fe94aa20/0/0, L_0x5e63fe94aa20/0/4, C4<1>, C4<1>;
L_0x5e63fe94aa20 .delay 1 (2000000000000,2000000000000,2000000000000) L_0x5e63fe94aa20/d;
L_0x5e63fe94b7f0/0/0 .functor OR 1, L_0x5e63fe94ba90, L_0x5e63fe9496c0, L_0x5e63fe949b00, L_0x5e63fe94a050;
L_0x5e63fe94b7f0/0/4 .functor OR 1, L_0x5e63fe94aa20, C4<0>, C4<0>, C4<0>;
L_0x5e63fe94b7f0/d .functor OR 1, L_0x5e63fe94b7f0/0/0, L_0x5e63fe94b7f0/0/4, C4<0>, C4<0>;
L_0x5e63fe94b7f0 .delay 1 (2000000000000,2000000000000,2000000000000) L_0x5e63fe94b7f0/d;
L_0x5e63fe94bd40/d .functor XOR 1, L_0x5e63fe94bf20, L_0x5e63fe94c010, C4<0>, C4<0>;
L_0x5e63fe94bd40 .delay 1 (2000000000000,2000000000000,2000000000000) L_0x5e63fe94bd40/d;
L_0x5e63fe94c2d0/d .functor XOR 1, L_0x5e63fe94c3e0, L_0x5e63fe94c4d0, C4<0>, C4<0>;
L_0x5e63fe94c2d0 .delay 1 (2000000000000,2000000000000,2000000000000) L_0x5e63fe94c2d0/d;
L_0x5e63fe94c7a0/d .functor XOR 1, L_0x5e63fe94c990, L_0x5e63fe94ca80, C4<0>, C4<0>;
L_0x5e63fe94c7a0 .delay 1 (2000000000000,2000000000000,2000000000000) L_0x5e63fe94c7a0/d;
L_0x5e63fe94cef0/d .functor XOR 1, L_0x5e63fe94d050, L_0x5e63fe94d340, C4<0>, C4<0>;
L_0x5e63fe94cef0 .delay 1 (2000000000000,2000000000000,2000000000000) L_0x5e63fe94cef0/d;
v0x5e63fe937010_0 .net *"_ivl_10", 0 0, L_0x5e63fe944f50;  1 drivers
v0x5e63fe937110_0 .net *"_ivl_100", 0 0, L_0x5e63fe948780;  1 drivers
v0x5e63fe9371f0_0 .net *"_ivl_102", 0 0, L_0x5e63fe948980;  1 drivers
v0x5e63fe9372e0_0 .net *"_ivl_105", 0 0, L_0x5e63fe948d20;  1 drivers
v0x5e63fe9373c0_0 .net *"_ivl_107", 0 0, L_0x5e63fe948f30;  1 drivers
v0x5e63fe9374f0_0 .net *"_ivl_109", 0 0, L_0x5e63fe949020;  1 drivers
v0x5e63fe9375d0_0 .net *"_ivl_111", 0 0, L_0x5e63fe948e10;  1 drivers
v0x5e63fe9376b0_0 .net *"_ivl_113", 0 0, L_0x5e63fe949240;  1 drivers
v0x5e63fe937790_0 .net *"_ivl_116", 0 0, L_0x5e63fe949490;  1 drivers
v0x5e63fe937870_0 .net *"_ivl_119", 0 0, L_0x5e63fe9497d0;  1 drivers
v0x5e63fe937950_0 .net *"_ivl_12", 0 0, L_0x5e63fe945040;  1 drivers
v0x5e63fe937a30_0 .net *"_ivl_121", 0 0, L_0x5e63fe9498c0;  1 drivers
v0x5e63fe937b10_0 .net *"_ivl_124", 0 0, L_0x5e63fe9493f0;  1 drivers
v0x5e63fe937bf0_0 .net *"_ivl_126", 0 0, L_0x5e63fe949d10;  1 drivers
v0x5e63fe937cd0_0 .net *"_ivl_128", 0 0, L_0x5e63fe949f60;  1 drivers
v0x5e63fe937db0_0 .net *"_ivl_131", 0 0, L_0x5e63fe94a160;  1 drivers
v0x5e63fe937e90_0 .net *"_ivl_133", 0 0, L_0x5e63fe94a3c0;  1 drivers
v0x5e63fe937f70_0 .net *"_ivl_135", 0 0, L_0x5e63fe94a6c0;  1 drivers
v0x5e63fe938050_0 .net *"_ivl_137", 0 0, L_0x5e63fe94a930;  1 drivers
v0x5e63fe938130_0 .net *"_ivl_14", 0 0, L_0x5e63fe945130;  1 drivers
v0x5e63fe938210_0 .net *"_ivl_140", 0 0, L_0x5e63fe94ac80;  1 drivers
v0x5e63fe9382f0_0 .net *"_ivl_142", 0 0, L_0x5e63fe94af00;  1 drivers
v0x5e63fe9383d0_0 .net *"_ivl_144", 0 0, L_0x5e63fe94aff0;  1 drivers
v0x5e63fe9384b0_0 .net *"_ivl_146", 0 0, L_0x5e63fe94b280;  1 drivers
v0x5e63fe938590_0 .net *"_ivl_148", 0 0, L_0x5e63fe94b370;  1 drivers
v0x5e63fe938670_0 .net *"_ivl_150", 0 0, L_0x5e63fe94b7f0;  1 drivers
v0x5e63fe938750_0 .net *"_ivl_154", 0 0, L_0x5e63fe94ba90;  1 drivers
v0x5e63fe938830_0 .net *"_ivl_156", 0 0, L_0x5e63fe94bd40;  1 drivers
v0x5e63fe938910_0 .net *"_ivl_159", 0 0, L_0x5e63fe94bf20;  1 drivers
v0x5e63fe9389f0_0 .net *"_ivl_161", 0 0, L_0x5e63fe94c010;  1 drivers
v0x5e63fe938ad0_0 .net *"_ivl_163", 0 0, L_0x5e63fe94c2d0;  1 drivers
v0x5e63fe938bb0_0 .net *"_ivl_166", 0 0, L_0x5e63fe94c3e0;  1 drivers
v0x5e63fe938c90_0 .net *"_ivl_168", 0 0, L_0x5e63fe94c4d0;  1 drivers
v0x5e63fe938d70_0 .net *"_ivl_17", 0 0, L_0x5e63fe945240;  1 drivers
v0x5e63fe938e50_0 .net *"_ivl_170", 0 0, L_0x5e63fe94c7a0;  1 drivers
v0x5e63fe938f30_0 .net *"_ivl_173", 0 0, L_0x5e63fe94c990;  1 drivers
v0x5e63fe939010_0 .net *"_ivl_175", 0 0, L_0x5e63fe94ca80;  1 drivers
v0x5e63fe9390f0_0 .net *"_ivl_177", 0 0, L_0x5e63fe94cef0;  1 drivers
v0x5e63fe9391d0_0 .net *"_ivl_181", 0 0, L_0x5e63fe94d050;  1 drivers
v0x5e63fe9392b0_0 .net *"_ivl_183", 0 0, L_0x5e63fe94d340;  1 drivers
v0x5e63fe939390_0 .net *"_ivl_19", 0 0, L_0x5e63fe9453f0;  1 drivers
v0x5e63fe939470_0 .net *"_ivl_21", 0 0, L_0x5e63fe945520;  1 drivers
v0x5e63fe939550_0 .net *"_ivl_24", 0 0, L_0x5e63fe945610;  1 drivers
v0x5e63fe939630_0 .net *"_ivl_26", 0 0, L_0x5e63fe945740;  1 drivers
v0x5e63fe939710_0 .net *"_ivl_28", 0 0, L_0x5e63fe945a10;  1 drivers
v0x5e63fe9397f0_0 .net *"_ivl_3", 0 0, L_0x5e63fe944d30;  1 drivers
v0x5e63fe9398d0_0 .net *"_ivl_32", 0 0, L_0x5e63fe945b70;  1 drivers
v0x5e63fe9399b0_0 .net *"_ivl_34", 0 0, L_0x5e63fe945c60;  1 drivers
v0x5e63fe939a90_0 .net *"_ivl_36", 0 0, L_0x5e63fe945db0;  1 drivers
v0x5e63fe939b70_0 .net *"_ivl_39", 0 0, L_0x5e63fe945eb0;  1 drivers
v0x5e63fe939c50_0 .net *"_ivl_41", 0 0, L_0x5e63fe945fa0;  1 drivers
v0x5e63fe939d30_0 .net *"_ivl_43", 0 0, L_0x5e63fe946100;  1 drivers
v0x5e63fe939e10_0 .net *"_ivl_46", 0 0, L_0x5e63fe946210;  1 drivers
v0x5e63fe939ef0_0 .net *"_ivl_48", 0 0, L_0x5e63fe946300;  1 drivers
v0x5e63fe939fd0_0 .net *"_ivl_50", 0 0, L_0x5e63fe946090;  1 drivers
v0x5e63fe93a0b0_0 .net *"_ivl_53", 0 0, L_0x5e63fe946560;  1 drivers
v0x5e63fe93a190_0 .net *"_ivl_55", 0 0, L_0x5e63fe946650;  1 drivers
v0x5e63fe93a270_0 .net *"_ivl_57", 0 0, L_0x5e63fe946960;  1 drivers
v0x5e63fe93a350_0 .net *"_ivl_61", 0 0, L_0x5e63fe946ac0;  1 drivers
v0x5e63fe93a430_0 .net *"_ivl_63", 0 0, L_0x5e63fe946c50;  1 drivers
v0x5e63fe93a510_0 .net *"_ivl_66", 0 0, L_0x5e63fe946eb0;  1 drivers
v0x5e63fe93a5f0_0 .net *"_ivl_68", 0 0, L_0x5e63fe946bb0;  1 drivers
v0x5e63fe93a6d0_0 .net *"_ivl_7", 0 0, L_0x5e63fe944e40;  1 drivers
v0x5e63fe93a7b0_0 .net *"_ivl_70", 0 0, L_0x5e63fe9470f0;  1 drivers
v0x5e63fe93a890_0 .net *"_ivl_73", 0 0, L_0x5e63fe947250;  1 drivers
v0x5e63fe93ad80_0 .net *"_ivl_76", 0 0, L_0x5e63fe9475d0;  1 drivers
v0x5e63fe93ae60_0 .net *"_ivl_78", 0 0, L_0x5e63fe9476c0;  1 drivers
v0x5e63fe93af40_0 .net *"_ivl_81", 0 0, L_0x5e63fe9479c0;  1 drivers
v0x5e63fe93b020_0 .net *"_ivl_83", 0 0, L_0x5e63fe947ab0;  1 drivers
v0x5e63fe93b100_0 .net *"_ivl_85", 0 0, L_0x5e63fe947c30;  1 drivers
v0x5e63fe93b1e0_0 .net *"_ivl_87", 0 0, L_0x5e63fe947d20;  1 drivers
v0x5e63fe93b2c0_0 .net *"_ivl_90", 0 0, L_0x5e63fe947f50;  1 drivers
v0x5e63fe93b3a0_0 .net *"_ivl_93", 0 0, L_0x5e63fe948180;  1 drivers
v0x5e63fe93b480_0 .net *"_ivl_95", 0 0, L_0x5e63fe948270;  1 drivers
v0x5e63fe93b560_0 .net *"_ivl_98", 0 0, L_0x5e63fe948690;  1 drivers
v0x5e63fe93b640_0 .net "a", 3 0, v0x5e63fe93c990_0;  alias, 1 drivers
v0x5e63fe93b720_0 .net "b", 3 0, v0x5e63fe93cac0_0;  alias, 1 drivers
v0x5e63fe93b800_0 .net "c", 4 0, L_0x5e63fe94b610;  1 drivers
v0x5e63fe93b8e0_0 .net "cin", 0 0, v0x5e63fe93cbd0_0;  alias, 1 drivers
v0x5e63fe93b9a0_0 .net "cout", 0 0, L_0x5e63fe944da0;  alias, 1 drivers
v0x5e63fe93ba60_0 .net "g", 3 0, L_0x5e63fe9467d0;  1 drivers
v0x5e63fe93bb40_0 .net "p", 3 0, L_0x5e63fe945830;  1 drivers
v0x5e63fe93bc20_0 .net "p0c0", 0 0, L_0x5e63fe946d40;  1 drivers
v0x5e63fe93bce0_0 .net "p1g0", 0 0, L_0x5e63fe947450;  1 drivers
v0x5e63fe93bda0_0 .net "p1p0c0", 0 0, L_0x5e63fe947880;  1 drivers
v0x5e63fe93be60_0 .net "p2g1", 0 0, L_0x5e63fe947560;  1 drivers
v0x5e63fe93bf20_0 .net "p2p1g0", 0 0, L_0x5e63fe948460;  1 drivers
v0x5e63fe93bfe0_0 .net "p2p1p0c0", 0 0, L_0x5e63fe948a70;  1 drivers
v0x5e63fe93c0a0_0 .net "p3g2", 0 0, L_0x5e63fe9496c0;  1 drivers
v0x5e63fe93c160_0 .net "p3p2g1", 0 0, L_0x5e63fe949b00;  1 drivers
v0x5e63fe93c220_0 .net "p3p2p1g0", 0 0, L_0x5e63fe94a050;  1 drivers
v0x5e63fe93c2e0_0 .net "p3p2p1p0c0", 0 0, L_0x5e63fe94aa20;  1 drivers
v0x5e63fe93c3a0_0 .net "sum", 3 0, L_0x5e63fe94cd60;  alias, 1 drivers
L_0x5e63fe944da0 .part L_0x5e63fe94b610, 4, 1;
L_0x5e63fe944f50 .part v0x5e63fe93c990_0, 0, 1;
L_0x5e63fe945040 .part v0x5e63fe93cac0_0, 0, 1;
L_0x5e63fe945240 .part v0x5e63fe93c990_0, 1, 1;
L_0x5e63fe9453f0 .part v0x5e63fe93cac0_0, 1, 1;
L_0x5e63fe945610 .part v0x5e63fe93c990_0, 2, 1;
L_0x5e63fe945740 .part v0x5e63fe93cac0_0, 2, 1;
L_0x5e63fe945830 .concat8 [ 1 1 1 1], L_0x5e63fe944e40, L_0x5e63fe945130, L_0x5e63fe945520, L_0x5e63fe945a10;
L_0x5e63fe945b70 .part v0x5e63fe93c990_0, 3, 1;
L_0x5e63fe945c60 .part v0x5e63fe93cac0_0, 3, 1;
L_0x5e63fe945eb0 .part v0x5e63fe93c990_0, 0, 1;
L_0x5e63fe945fa0 .part v0x5e63fe93cac0_0, 0, 1;
L_0x5e63fe946210 .part v0x5e63fe93c990_0, 1, 1;
L_0x5e63fe946300 .part v0x5e63fe93cac0_0, 1, 1;
L_0x5e63fe946560 .part v0x5e63fe93c990_0, 2, 1;
L_0x5e63fe946650 .part v0x5e63fe93cac0_0, 2, 1;
L_0x5e63fe9467d0 .concat8 [ 1 1 1 1], L_0x5e63fe945db0, L_0x5e63fe946100, L_0x5e63fe946090, L_0x5e63fe946960;
L_0x5e63fe946ac0 .part v0x5e63fe93c990_0, 3, 1;
L_0x5e63fe946c50 .part v0x5e63fe93cac0_0, 3, 1;
L_0x5e63fe946eb0 .part L_0x5e63fe945830, 0, 1;
L_0x5e63fe946bb0 .part L_0x5e63fe94b610, 0, 1;
L_0x5e63fe947250 .part L_0x5e63fe9467d0, 0, 1;
L_0x5e63fe9475d0 .part L_0x5e63fe945830, 1, 1;
L_0x5e63fe9476c0 .part L_0x5e63fe9467d0, 0, 1;
L_0x5e63fe9479c0 .part L_0x5e63fe945830, 1, 1;
L_0x5e63fe947ab0 .part L_0x5e63fe945830, 0, 1;
L_0x5e63fe947c30 .part L_0x5e63fe94b610, 0, 1;
L_0x5e63fe947f50 .part L_0x5e63fe9467d0, 1, 1;
L_0x5e63fe948180 .part L_0x5e63fe945830, 2, 1;
L_0x5e63fe948270 .part L_0x5e63fe9467d0, 1, 1;
L_0x5e63fe948690 .part L_0x5e63fe945830, 2, 1;
L_0x5e63fe948780 .part L_0x5e63fe945830, 1, 1;
L_0x5e63fe948980 .part L_0x5e63fe9467d0, 0, 1;
L_0x5e63fe948d20 .part L_0x5e63fe945830, 2, 1;
L_0x5e63fe948f30 .part L_0x5e63fe945830, 1, 1;
L_0x5e63fe949020 .part L_0x5e63fe945830, 0, 1;
L_0x5e63fe948e10 .part L_0x5e63fe94b610, 0, 1;
L_0x5e63fe949490 .part L_0x5e63fe9467d0, 2, 1;
L_0x5e63fe9497d0 .part L_0x5e63fe945830, 3, 1;
L_0x5e63fe9498c0 .part L_0x5e63fe9467d0, 2, 1;
L_0x5e63fe9493f0 .part L_0x5e63fe945830, 3, 1;
L_0x5e63fe949d10 .part L_0x5e63fe945830, 2, 1;
L_0x5e63fe949f60 .part L_0x5e63fe9467d0, 1, 1;
L_0x5e63fe94a160 .part L_0x5e63fe945830, 3, 1;
L_0x5e63fe94a3c0 .part L_0x5e63fe945830, 2, 1;
L_0x5e63fe94a6c0 .part L_0x5e63fe945830, 1, 1;
L_0x5e63fe94a930 .part L_0x5e63fe9467d0, 0, 1;
L_0x5e63fe94ac80 .part L_0x5e63fe945830, 3, 1;
L_0x5e63fe94af00 .part L_0x5e63fe945830, 2, 1;
L_0x5e63fe94aff0 .part L_0x5e63fe945830, 1, 1;
L_0x5e63fe94b280 .part L_0x5e63fe945830, 0, 1;
L_0x5e63fe94b370 .part L_0x5e63fe94b610, 0, 1;
LS_0x5e63fe94b610_0_0 .concat8 [ 1 1 1 1], L_0x5e63fe944d30, L_0x5e63fe9470f0, L_0x5e63fe947d20, L_0x5e63fe949240;
LS_0x5e63fe94b610_0_4 .concat8 [ 1 0 0 0], L_0x5e63fe94b7f0;
L_0x5e63fe94b610 .concat8 [ 4 1 0 0], LS_0x5e63fe94b610_0_0, LS_0x5e63fe94b610_0_4;
L_0x5e63fe94ba90 .part L_0x5e63fe9467d0, 3, 1;
L_0x5e63fe94bf20 .part L_0x5e63fe945830, 0, 1;
L_0x5e63fe94c010 .part L_0x5e63fe94b610, 0, 1;
L_0x5e63fe94c3e0 .part L_0x5e63fe945830, 1, 1;
L_0x5e63fe94c4d0 .part L_0x5e63fe94b610, 1, 1;
L_0x5e63fe94c990 .part L_0x5e63fe945830, 2, 1;
L_0x5e63fe94ca80 .part L_0x5e63fe94b610, 2, 1;
L_0x5e63fe94cd60 .concat8 [ 1 1 1 1], L_0x5e63fe94bd40, L_0x5e63fe94c2d0, L_0x5e63fe94c7a0, L_0x5e63fe94cef0;
L_0x5e63fe94d050 .part L_0x5e63fe945830, 3, 1;
L_0x5e63fe94d340 .part L_0x5e63fe94b610, 3, 1;
    .scope S_0x5e63fe8faa70;
T_0 ;
    %vpi_call/w 6 18 "$dumpfile", "waves.vcd" {0 0 0};
    %vpi_call/w 6 19 "$dumpvars", 32'sb00000000000000000000000000000000, S_0x5e63fe8faa70 {0 0 0};
    %pushi/vec4 0, 0, 4;
    %store/vec4 v0x5e63fe93c990_0, 0, 4;
    %pushi/vec4 0, 0, 4;
    %store/vec4 v0x5e63fe93cac0_0, 0, 4;
    %pushi/vec4 0, 0, 1;
    %store/vec4 v0x5e63fe93cbd0_0, 0, 1;
    %delay 20000, 0;
    %pushi/vec4 5, 0, 4;
    %store/vec4 v0x5e63fe93c990_0, 0, 4;
    %pushi/vec4 3, 0, 4;
    %store/vec4 v0x5e63fe93cac0_0, 0, 4;
    %pushi/vec4 1, 0, 1;
    %store/vec4 v0x5e63fe93cbd0_0, 0, 1;
    %delay 20000, 0;
    %pushi/vec4 7, 0, 4;
    %store/vec4 v0x5e63fe93c990_0, 0, 4;
    %pushi/vec4 1, 0, 4;
    %store/vec4 v0x5e63fe93cac0_0, 0, 4;
    %pushi/vec4 0, 0, 1;
    %store/vec4 v0x5e63fe93cbd0_0, 0, 1;
    %delay 20000, 0;
    %pushi/vec4 10, 0, 4;
    %store/vec4 v0x5e63fe93c990_0, 0, 4;
    %pushi/vec4 5, 0, 4;
    %store/vec4 v0x5e63fe93cac0_0, 0, 4;
    %pushi/vec4 0, 0, 1;
    %store/vec4 v0x5e63fe93cbd0_0, 0, 1;
    %delay 20000, 0;
    %vpi_call/w 6 29 "$finish" {0 0 0};
    %end;
    .thread T_0;
    .scope S_0x5e63fe8faa70;
T_1 ;
    %vpi_call/w 6 33 "$monitor", "%t a=%b b=%b cin=%b | sum=%b cout=%b", $time, v0x5e63fe93c990_0, v0x5e63fe93cac0_0, v0x5e63fe93cbd0_0, v0x5e63fe93cdb0_0, v0x5e63fe93ccc0_0 {0 0 0};
    %end;
    .thread T_1;
# The file index is used to find the file name in the following table.
:file_names 9;
    "N/A";
    "<interactive>";
    "-";
    "cla4_dataflow.v";
    "rca.v";
    "FA_Gate.v";
    "tb.v";
    "dut.v";
    "cla4.v";
